[0.007s] Invoking command in '/home/nate-dixon/robot_arm_project/build/ur_description': CMAKE_PREFIX_PATH=${CMAKE_PREFIX_PATH}:/opt/ros/jazzy DEBUGINFOD_URLS=https://debuginfod.ubuntu.com /usr/bin/cmake /home/nate-dixon/robot_arm_project/src/ur_description -DCMAKE_INSTALL_PREFIX=/home/nate-dixon/robot_arm_project/install/ur_description
[0.044s] -- The C compiler identification is GNU 13.3.0
[0.082s] -- The CXX compiler identification is GNU 13.3.0
[0.092s] -- Detecting C compiler ABI info
[0.151s] -- Detecting C compiler ABI info - done
[0.157s] -- Check for working C compiler: /usr/bin/cc - skipped
[0.157s] -- Detecting C compile features
[0.157s] -- Detecting C compile features - done
[0.163s] -- Detecting CXX compiler ABI info
[0.229s] -- Detecting CXX compiler ABI info - done
[0.235s] -- Check for working CXX compiler: /usr/bin/c++ - skipped
[0.235s] -- Detecting CXX compile features
[0.235s] -- Detecting CXX compile features - done
[0.237s] -- Found ament_cmake: 2.5.3 (/opt/ros/jazzy/share/ament_cmake/cmake)
[0.332s] -- Found Python3: /usr/bin/python3 (found version "3.12.3") found components: Interpreter 
[0.409s] -- Found ament_cmake_pytest: 2.5.3 (/opt/ros/jazzy/share/ament_cmake_pytest/cmake)
[0.920s] -- Configuring done (0.9s)
[0.921s] -- Generating done (0.0s)
[0.922s] -- Build files have been written to: /home/nate-dixon/robot_arm_project/build/ur_description
[0.927s] Invoked command in '/home/nate-dixon/robot_arm_project/build/ur_description' returned '0': CMAKE_PREFIX_PATH=${CMAKE_PREFIX_PATH}:/opt/ros/jazzy DEBUGINFOD_URLS=https://debuginfod.ubuntu.com /usr/bin/cmake /home/nate-dixon/robot_arm_project/src/ur_description -DCMAKE_INSTALL_PREFIX=/home/nate-dixon/robot_arm_project/install/ur_description
[0.927s] Invoking command in '/home/nate-dixon/robot_arm_project/build/ur_description': CMAKE_PREFIX_PATH=${CMAKE_PREFIX_PATH}:/opt/ros/jazzy DEBUGINFOD_URLS=https://debuginfod.ubuntu.com /usr/bin/cmake --build /home/nate-dixon/robot_arm_project/build/ur_description -- -j32 -l32
[0.954s] Invoked command in '/home/nate-dixon/robot_arm_project/build/ur_description' returned '0': CMAKE_PREFIX_PATH=${CMAKE_PREFIX_PATH}:/opt/ros/jazzy DEBUGINFOD_URLS=https://debuginfod.ubuntu.com /usr/bin/cmake --build /home/nate-dixon/robot_arm_project/build/ur_description -- -j32 -l32
[0.960s] Invoking command in '/home/nate-dixon/robot_arm_project/build/ur_description': CMAKE_PREFIX_PATH=${CMAKE_PREFIX_PATH}:/opt/ros/jazzy DEBUGINFOD_URLS=https://debuginfod.ubuntu.com /usr/bin/cmake --install /home/nate-dixon/robot_arm_project/build/ur_description
[0.965s] -- Install configuration: ""
[0.965s] -- Installing: /home/nate-dixon/robot_arm_project/install/ur_description/share/ur_description/config
[0.965s] -- Installing: /home/nate-dixon/robot_arm_project/install/ur_description/share/ur_description/config/ur3e
[0.966s] -- Installing: /home/nate-dixon/robot_arm_project/install/ur_description/share/ur_description/config/ur3e/joint_limits.yaml
[0.966s] -- Installing: /home/nate-dixon/robot_arm_project/install/ur_description/share/ur_description/config/ur3e/default_kinematics.yaml
[0.966s] -- Installing: /home/nate-dixon/robot_arm_project/install/ur_description/share/ur_description/config/ur3e/physical_parameters.yaml
[0.966s] -- Installing: /home/nate-dixon/robot_arm_project/install/ur_description/share/ur_description/config/ur3e/visual_parameters.yaml
[0.966s] -- Installing: /home/nate-dixon/robot_arm_project/install/ur_description/share/ur_description/config/initial_positions.yaml
[0.966s] -- Installing: /home/nate-dixon/robot_arm_project/install/ur_description/share/ur_description/config/ur5
[0.966s] -- Installing: /home/nate-dixon/robot_arm_project/install/ur_description/share/ur_description/config/ur5/joint_limits.yaml
[0.966s] -- Installing: /home/nate-dixon/robot_arm_project/install/ur_description/share/ur_description/config/ur5/default_kinematics.yaml
[0.966s] -- Installing: /home/nate-dixon/robot_arm_project/install/ur_description/share/ur_description/config/ur5/physical_parameters.yaml
[0.966s] -- Installing: /home/nate-dixon/robot_arm_project/install/ur_description/share/ur_description/config/ur5/visual_parameters.yaml
[0.966s] -- Installing: /home/nate-dixon/robot_arm_project/install/ur_description/share/ur_description/config/ur30
[0.966s] -- Installing: /home/nate-dixon/robot_arm_project/install/ur_description/share/ur_description/config/ur30/joint_limits.yaml
[0.966s] -- Installing: /home/nate-dixon/robot_arm_project/install/ur_description/share/ur_description/config/ur30/default_kinematics.yaml
[0.966s] -- Installing: /home/nate-dixon/robot_arm_project/install/ur_description/share/ur_description/config/ur30/physical_parameters.yaml
[0.967s] -- Installing: /home/nate-dixon/robot_arm_project/install/ur_description/share/ur_description/config/ur30/visual_parameters.yaml
[0.967s] -- Installing: /home/nate-dixon/robot_arm_project/install/ur_description/share/ur_description/config/ur5e
[0.967s] -- Installing: /home/nate-dixon/robot_arm_project/install/ur_description/share/ur_description/config/ur5e/joint_limits.yaml
[0.967s] -- Installing: /home/nate-dixon/robot_arm_project/install/ur_description/share/ur_description/config/ur5e/default_kinematics.yaml
[0.967s] -- Installing: /home/nate-dixon/robot_arm_project/install/ur_description/share/ur_description/config/ur5e/physical_parameters.yaml
[0.967s] -- Installing: /home/nate-dixon/robot_arm_project/install/ur_description/share/ur_description/config/ur5e/visual_parameters.yaml
[0.967s] -- Installing: /home/nate-dixon/robot_arm_project/install/ur_description/share/ur_description/config/ur16e
[0.967s] -- Installing: /home/nate-dixon/robot_arm_project/install/ur_description/share/ur_description/config/ur16e/joint_limits.yaml
[0.967s] -- Installing: /home/nate-dixon/robot_arm_project/install/ur_description/share/ur_description/config/ur16e/default_kinematics.yaml
[0.967s] -- Installing: /home/nate-dixon/robot_arm_project/install/ur_description/share/ur_description/config/ur16e/physical_parameters.yaml
[0.967s] -- Installing: /home/nate-dixon/robot_arm_project/install/ur_description/share/ur_description/config/ur16e/visual_parameters.yaml
[0.967s] -- Installing: /home/nate-dixon/robot_arm_project/install/ur_description/share/ur_description/config/ur10
[0.967s] -- Installing: /home/nate-dixon/robot_arm_project/install/ur_description/share/ur_description/config/ur10/joint_limits.yaml
[0.967s] -- Installing: /home/nate-dixon/robot_arm_project/install/ur_description/share/ur_description/config/ur10/default_kinematics.yaml
[0.967s] -- Installing: /home/nate-dixon/robot_arm_project/install/ur_description/share/ur_description/config/ur10/physical_parameters.yaml
[0.967s] -- Installing: /home/nate-dixon/robot_arm_project/install/ur_description/share/ur_description/config/ur10/visual_parameters.yaml
[0.967s] -- Installing: /home/nate-dixon/robot_arm_project/install/ur_description/share/ur_description/config/ur15
[0.967s] -- Installing: /home/nate-dixon/robot_arm_project/install/ur_description/share/ur_description/config/ur15/joint_limits.yaml
[0.967s] -- Installing: /home/nate-dixon/robot_arm_project/install/ur_description/share/ur_description/config/ur15/default_kinematics.yaml
[0.967s] -- Installing: /home/nate-dixon/robot_arm_project/install/ur_description/share/ur_description/config/ur15/physical_parameters.yaml
[0.967s] -- Installing: /home/nate-dixon/robot_arm_project/install/ur_description/share/ur_description/config/ur15/visual_parameters.yaml
[0.967s] -- Installing: /home/nate-dixon/robot_arm_project/install/ur_description/share/ur_description/config/ur7e
[0.967s] -- Installing: /home/nate-dixon/robot_arm_project/install/ur_description/share/ur_description/config/ur7e/joint_limits.yaml
[0.967s] -- Installing: /home/nate-dixon/robot_arm_project/install/ur_description/share/ur_description/config/ur7e/default_kinematics.yaml
[0.967s] -- Installing: /home/nate-dixon/robot_arm_project/install/ur_description/share/ur_description/config/ur7e/physical_parameters.yaml
[0.968s] -- Installing: /home/nate-dixon/robot_arm_project/install/ur_description/share/ur_description/config/ur7e/visual_parameters.yaml
[0.968s] -- Installing: /home/nate-dixon/robot_arm_project/install/ur_description/share/ur_description/config/ur3
[0.968s] -- Installing: /home/nate-dixon/robot_arm_project/install/ur_description/share/ur_description/config/ur3/joint_limits.yaml
[0.968s] -- Installing: /home/nate-dixon/robot_arm_project/install/ur_description/share/ur_description/config/ur3/default_kinematics.yaml
[0.968s] -- Installing: /home/nate-dixon/robot_arm_project/install/ur_description/share/ur_description/config/ur3/physical_parameters.yaml
[0.968s] -- Installing: /home/nate-dixon/robot_arm_project/install/ur_description/share/ur_description/config/ur3/visual_parameters.yaml
[0.968s] -- Installing: /home/nate-dixon/robot_arm_project/install/ur_description/share/ur_description/config/ur10e
[0.968s] -- Installing: /home/nate-dixon/robot_arm_project/install/ur_description/share/ur_description/config/ur10e/joint_limits.yaml
[0.968s] -- Installing: /home/nate-dixon/robot_arm_project/install/ur_description/share/ur_description/config/ur10e/default_kinematics.yaml
[0.968s] -- Installing: /home/nate-dixon/robot_arm_project/install/ur_description/share/ur_description/config/ur10e/physical_parameters.yaml
[0.968s] -- Installing: /home/nate-dixon/robot_arm_project/install/ur_description/share/ur_description/config/ur10e/visual_parameters.yaml
[0.968s] -- Installing: /home/nate-dixon/robot_arm_project/install/ur_description/share/ur_description/config/ur12e
[0.968s] -- Installing: /home/nate-dixon/robot_arm_project/install/ur_description/share/ur_description/config/ur12e/joint_limits.yaml
[0.968s] -- Installing: /home/nate-dixon/robot_arm_project/install/ur_description/share/ur_description/config/ur12e/default_kinematics.yaml
[0.968s] -- Installing: /home/nate-dixon/robot_arm_project/install/ur_description/share/ur_description/config/ur12e/physical_parameters.yaml
[0.968s] -- Installing: /home/nate-dixon/robot_arm_project/install/ur_description/share/ur_description/config/ur12e/visual_parameters.yaml
[0.968s] -- Installing: /home/nate-dixon/robot_arm_project/install/ur_description/share/ur_description/config/ur20
[0.968s] -- Installing: /home/nate-dixon/robot_arm_project/install/ur_description/share/ur_description/config/ur20/joint_limits.yaml
[0.968s] -- Installing: /home/nate-dixon/robot_arm_project/install/ur_description/share/ur_description/config/ur20/default_kinematics.yaml
[0.969s] -- Installing: /home/nate-dixon/robot_arm_project/install/ur_description/share/ur_description/config/ur20/physical_parameters.yaml
[0.969s] -- Installing: /home/nate-dixon/robot_arm_project/install/ur_description/share/ur_description/config/ur20/visual_parameters.yaml
[0.969s] -- Installing: /home/nate-dixon/robot_arm_project/install/ur_description/share/ur_description/launch
[0.969s] -- Installing: /home/nate-dixon/robot_arm_project/install/ur_description/share/ur_description/launch/view_ur.launch.py
[0.969s] -- Installing: /home/nate-dixon/robot_arm_project/install/ur_description/share/ur_description/meshes
[0.969s] -- Installing: /home/nate-dixon/robot_arm_project/install/ur_description/share/ur_description/meshes/ur3e
[0.969s] -- Installing: /home/nate-dixon/robot_arm_project/install/ur_description/share/ur_description/meshes/ur3e/collision
[0.969s] -- Installing: /home/nate-dixon/robot_arm_project/install/ur_description/share/ur_description/meshes/ur3e/collision/forearm.stl
[0.969s] -- Installing: /home/nate-dixon/robot_arm_project/install/ur_description/share/ur_description/meshes/ur3e/collision/wrist2.stl
[0.969s] -- Installing: /home/nate-dixon/robot_arm_project/install/ur_description/share/ur_description/meshes/ur3e/collision/base.stl
[0.969s] -- Installing: /home/nate-dixon/robot_arm_project/install/ur_description/share/ur_description/meshes/ur3e/collision/shoulder.stl
[0.969s] -- Installing: /home/nate-dixon/robot_arm_project/install/ur_description/share/ur_description/meshes/ur3e/collision/wrist1.stl
[0.969s] -- Installing: /home/nate-dixon/robot_arm_project/install/ur_description/share/ur_description/meshes/ur3e/collision/wrist3.stl
[0.969s] -- Installing: /home/nate-dixon/robot_arm_project/install/ur_description/share/ur_description/meshes/ur3e/collision/upperarm.stl
[0.969s] -- Installing: /home/nate-dixon/robot_arm_project/install/ur_description/share/ur_description/meshes/ur3e/visual
[0.969s] -- Installing: /home/nate-dixon/robot_arm_project/install/ur_description/share/ur_description/meshes/ur3e/visual/base.dae
[0.969s] -- Installing: /home/nate-dixon/robot_arm_project/install/ur_description/share/ur_description/meshes/ur3e/visual/forearm.dae
[0.969s] -- Installing: /home/nate-dixon/robot_arm_project/install/ur_description/share/ur_description/meshes/ur3e/visual/wrist2.dae
[0.969s] -- Installing: /home/nate-dixon/robot_arm_project/install/ur_description/share/ur_description/meshes/ur3e/visual/shoulder.dae
[0.969s] -- Installing: /home/nate-dixon/robot_arm_project/install/ur_description/share/ur_description/meshes/ur3e/visual/wrist3.dae
[0.969s] -- Installing: /home/nate-dixon/robot_arm_project/install/ur_description/share/ur_description/meshes/ur3e/visual/wrist1.dae
[0.970s] -- Installing: /home/nate-dixon/robot_arm_project/install/ur_description/share/ur_description/meshes/ur3e/visual/upperarm.dae
[0.971s] -- Installing: /home/nate-dixon/robot_arm_project/install/ur_description/share/ur_description/meshes/ur5
[0.972s] -- Installing: /home/nate-dixon/robot_arm_project/install/ur_description/share/ur_description/meshes/ur5/collision
[0.972s] -- Installing: /home/nate-dixon/robot_arm_project/install/ur_description/share/ur_description/meshes/ur5/collision/forearm.stl
[0.972s] -- Installing: /home/nate-dixon/robot_arm_project/install/ur_description/share/ur_description/meshes/ur5/collision/wrist2.stl
[0.972s] -- Installing: /home/nate-dixon/robot_arm_project/install/ur_description/share/ur_description/meshes/ur5/collision/base.stl
[0.972s] -- Installing: /home/nate-dixon/robot_arm_project/install/ur_description/share/ur_description/meshes/ur5/collision/shoulder.stl
[0.973s] -- Installing: /home/nate-dixon/robot_arm_project/install/ur_description/share/ur_description/meshes/ur5/collision/wrist1.stl
[0.973s] -- Installing: /home/nate-dixon/robot_arm_project/install/ur_description/share/ur_description/meshes/ur5/collision/wrist3.stl
[0.973s] -- Installing: /home/nate-dixon/robot_arm_project/install/ur_description/share/ur_description/meshes/ur5/collision/upperarm.stl
[0.973s] -- Installing: /home/nate-dixon/robot_arm_project/install/ur_description/share/ur_description/meshes/ur5/visual
[0.974s] -- Installing: /home/nate-dixon/robot_arm_project/install/ur_description/share/ur_description/meshes/ur5/visual/base.dae
[0.974s] -- Installing: /home/nate-dixon/robot_arm_project/install/ur_description/share/ur_description/meshes/ur5/visual/forearm.dae
[0.974s] -- Installing: /home/nate-dixon/robot_arm_project/install/ur_description/share/ur_description/meshes/ur5/visual/wrist2.dae
[0.974s] -- Installing: /home/nate-dixon/robot_arm_project/install/ur_description/share/ur_description/meshes/ur5/visual/shoulder.dae
[0.974s] -- Installing: /home/nate-dixon/robot_arm_project/install/ur_description/share/ur_description/meshes/ur5/visual/wrist3.dae
[0.974s] -- Installing: /home/nate-dixon/robot_arm_project/install/ur_description/share/ur_description/meshes/ur5/visual/wrist1.dae
[0.974s] -- Installing: /home/nate-dixon/robot_arm_project/install/ur_description/share/ur_description/meshes/ur5/visual/upperarm.dae
[0.974s] -- Installing: /home/nate-dixon/robot_arm_project/install/ur_description/share/ur_description/meshes/ur30
[0.974s] -- Installing: /home/nate-dixon/robot_arm_project/install/ur_description/share/ur_description/meshes/ur30/LICENSE.txt
[0.974s] -- Installing: /home/nate-dixon/robot_arm_project/install/ur_description/share/ur_description/meshes/ur30/collision
[0.974s] -- Installing: /home/nate-dixon/robot_arm_project/install/ur_description/share/ur_description/meshes/ur30/collision/forearm.stl
[0.975s] -- Installing: /home/nate-dixon/robot_arm_project/install/ur_description/share/ur_description/meshes/ur30/collision/upperarm.stl
[0.975s] -- Installing: /home/nate-dixon/robot_arm_project/install/ur_description/share/ur_description/meshes/ur30/visual
[0.975s] -- Installing: /home/nate-dixon/robot_arm_project/install/ur_description/share/ur_description/meshes/ur30/visual/forearm.dae
[0.975s] -- Installing: /home/nate-dixon/robot_arm_project/install/ur_description/share/ur_description/meshes/ur30/visual/upperarm.dae
[0.975s] -- Installing: /home/nate-dixon/robot_arm_project/install/ur_description/share/ur_description/meshes/ur30/visual/UR30_DIFF_8bit_2K.png
[0.976s] -- Installing: /home/nate-dixon/robot_arm_project/install/ur_description/share/ur_description/meshes/ur5e
[0.976s] -- Installing: /home/nate-dixon/robot_arm_project/install/ur_description/share/ur_description/meshes/ur5e/collision
[0.976s] -- Installing: /home/nate-dixon/robot_arm_project/install/ur_description/share/ur_description/meshes/ur5e/collision/forearm.stl
[0.976s] -- Installing: /home/nate-dixon/robot_arm_project/install/ur_description/share/ur_description/meshes/ur5e/collision/wrist2.stl
[0.976s] -- Installing: /home/nate-dixon/robot_arm_project/install/ur_description/share/ur_description/meshes/ur5e/collision/base.stl
[0.976s] -- Installing: /home/nate-dixon/robot_arm_project/install/ur_description/share/ur_description/meshes/ur5e/collision/shoulder.stl
[0.976s] -- Installing: /home/nate-dixon/robot_arm_project/install/ur_description/share/ur_description/meshes/ur5e/collision/wrist1.stl
[0.976s] -- Installing: /home/nate-dixon/robot_arm_project/install/ur_description/share/ur_description/meshes/ur5e/collision/wrist3.stl
[0.976s] -- Installing: /home/nate-dixon/robot_arm_project/install/ur_description/share/ur_description/meshes/ur5e/collision/upperarm.stl
[0.976s] -- Installing: /home/nate-dixon/robot_arm_project/install/ur_description/share/ur_description/meshes/ur5e/visual
[0.976s] -- Installing: /home/nate-dixon/robot_arm_project/install/ur_description/share/ur_description/meshes/ur5e/visual/base.dae
[0.976s] -- Installing: /home/nate-dixon/robot_arm_project/install/ur_description/share/ur_description/meshes/ur5e/visual/forearm.dae
[0.977s] -- Installing: /home/nate-dixon/robot_arm_project/install/ur_description/share/ur_description/meshes/ur5e/visual/wrist2.dae
[0.978s] -- Installing: /home/nate-dixon/robot_arm_project/install/ur_description/share/ur_description/meshes/ur5e/visual/shoulder.dae
[0.978s] -- Installing: /home/nate-dixon/robot_arm_project/install/ur_description/share/ur_description/meshes/ur5e/visual/wrist3.dae
[0.978s] -- Installing: /home/nate-dixon/robot_arm_project/install/ur_description/share/ur_description/meshes/ur5e/visual/wrist1.dae
[0.979s] -- Installing: /home/nate-dixon/robot_arm_project/install/ur_description/share/ur_description/meshes/ur5e/visual/upperarm.dae
[0.980s] -- Installing: /home/nate-dixon/robot_arm_project/install/ur_description/share/ur_description/meshes/ur16e
[0.980s] -- Installing: /home/nate-dixon/robot_arm_project/install/ur_description/share/ur_description/meshes/ur16e/collision
[0.980s] -- Installing: /home/nate-dixon/robot_arm_project/install/ur_description/share/ur_description/meshes/ur16e/collision/forearm.stl
[0.980s] -- Installing: /home/nate-dixon/robot_arm_project/install/ur_description/share/ur_description/meshes/ur16e/collision/upperarm.stl
[0.980s] -- Installing: /home/nate-dixon/robot_arm_project/install/ur_description/share/ur_description/meshes/ur16e/visual
[0.980s] -- Installing: /home/nate-dixon/robot_arm_project/install/ur_description/share/ur_description/meshes/ur16e/visual/forearm.dae
[0.981s] -- Installing: /home/nate-dixon/robot_arm_project/install/ur_description/share/ur_description/meshes/ur16e/visual/upperarm.dae
[0.982s] -- Installing: /home/nate-dixon/robot_arm_project/install/ur_description/share/ur_description/meshes/ur10
[0.982s] -- Installing: /home/nate-dixon/robot_arm_project/install/ur_description/share/ur_description/meshes/ur10/collision
[0.982s] -- Installing: /home/nate-dixon/robot_arm_project/install/ur_description/share/ur_description/meshes/ur10/collision/forearm.stl
[0.983s] -- Installing: /home/nate-dixon/robot_arm_project/install/ur_description/share/ur_description/meshes/ur10/collision/wrist2.stl
[0.983s] -- Installing: /home/nate-dixon/robot_arm_project/install/ur_description/share/ur_description/meshes/ur10/collision/base.stl
[0.983s] -- Installing: /home/nate-dixon/robot_arm_project/install/ur_description/share/ur_description/meshes/ur10/collision/shoulder.stl
[0.983s] -- Installing: /home/nate-dixon/robot_arm_project/install/ur_description/share/ur_description/meshes/ur10/collision/wrist1.stl
[0.983s] -- Installing: /home/nate-dixon/robot_arm_project/install/ur_description/share/ur_description/meshes/ur10/collision/wrist3.stl
[0.983s] -- Installing: /home/nate-dixon/robot_arm_project/install/ur_description/share/ur_description/meshes/ur10/collision/upperarm.stl
[0.983s] -- Installing: /home/nate-dixon/robot_arm_project/install/ur_description/share/ur_description/meshes/ur10/visual
[0.983s] -- Installing: /home/nate-dixon/robot_arm_project/install/ur_description/share/ur_description/meshes/ur10/visual/base.dae
[0.983s] -- Installing: /home/nate-dixon/robot_arm_project/install/ur_description/share/ur_description/meshes/ur10/visual/forearm.dae
[0.984s] -- Installing: /home/nate-dixon/robot_arm_project/install/ur_description/share/ur_description/meshes/ur10/visual/wrist2.dae
[0.985s] -- Installing: /home/nate-dixon/robot_arm_project/install/ur_description/share/ur_description/meshes/ur10/visual/shoulder.dae
[0.985s] -- Installing: /home/nate-dixon/robot_arm_project/install/ur_description/share/ur_description/meshes/ur10/visual/wrist3.dae
[0.985s] -- Installing: /home/nate-dixon/robot_arm_project/install/ur_description/share/ur_description/meshes/ur10/visual/wrist1.dae
[0.986s] -- Installing: /home/nate-dixon/robot_arm_project/install/ur_description/share/ur_description/meshes/ur10/visual/upperarm.dae
[0.987s] -- Installing: /home/nate-dixon/robot_arm_project/install/ur_description/share/ur_description/meshes/ur15
[0.987s] -- Installing: /home/nate-dixon/robot_arm_project/install/ur_description/share/ur_description/meshes/ur15/LICENSE.txt
[0.987s] -- Installing: /home/nate-dixon/robot_arm_project/install/ur_description/share/ur_description/meshes/ur15/collision
[0.987s] -- Installing: /home/nate-dixon/robot_arm_project/install/ur_description/share/ur_description/meshes/ur15/collision/forearm.stl
[0.987s] -- Installing: /home/nate-dixon/robot_arm_project/install/ur_description/share/ur_description/meshes/ur15/collision/wrist2.stl
[0.987s] -- Installing: /home/nate-dixon/robot_arm_project/install/ur_description/share/ur_description/meshes/ur15/collision/base.stl
[0.987s] -- Installing: /home/nate-dixon/robot_arm_project/install/ur_description/share/ur_description/meshes/ur15/collision/shoulder.stl
[0.987s] -- Installing: /home/nate-dixon/robot_arm_project/install/ur_description/share/ur_description/meshes/ur15/collision/wrist1.stl
[0.987s] -- Installing: /home/nate-dixon/robot_arm_project/install/ur_description/share/ur_description/meshes/ur15/collision/wrist3.stl
[0.987s] -- Installing: /home/nate-dixon/robot_arm_project/install/ur_description/share/ur_description/meshes/ur15/collision/upperarm.stl
[0.987s] -- Installing: /home/nate-dixon/robot_arm_project/install/ur_description/share/ur_description/meshes/ur15/visual
[0.987s] -- Installing: /home/nate-dixon/robot_arm_project/install/ur_description/share/ur_description/meshes/ur15/visual/base.dae
[0.987s] -- Installing: /home/nate-dixon/robot_arm_project/install/ur_description/share/ur_description/meshes/ur15/visual/forearm.dae
[0.988s] -- Installing: /home/nate-dixon/robot_arm_project/install/ur_description/share/ur_description/meshes/ur15/visual/wrist2.dae
[0.988s] -- Installing: /home/nate-dixon/robot_arm_project/install/ur_description/share/ur_description/meshes/ur15/visual/shoulder.dae
[0.988s] -- Installing: /home/nate-dixon/robot_arm_project/install/ur_description/share/ur_description/meshes/ur15/visual/wrist3.dae
[0.988s] -- Installing: /home/nate-dixon/robot_arm_project/install/ur_description/share/ur_description/meshes/ur15/visual/wrist1.dae
[0.988s] -- Installing: /home/nate-dixon/robot_arm_project/install/ur_description/share/ur_description/meshes/ur15/visual/upperarm.dae
[0.988s] -- Installing: /home/nate-dixon/robot_arm_project/install/ur_description/share/ur_description/meshes/ur15/visual/UR15_DIFF_8bit_2K.jpg
[0.989s] -- Installing: /home/nate-dixon/robot_arm_project/install/ur_description/share/ur_description/meshes/ur3
[0.989s] -- Installing: /home/nate-dixon/robot_arm_project/install/ur_description/share/ur_description/meshes/ur3/collision
[0.989s] -- Installing: /home/nate-dixon/robot_arm_project/install/ur_description/share/ur_description/meshes/ur3/collision/forearm.stl
[0.989s] -- Installing: /home/nate-dixon/robot_arm_project/install/ur_description/share/ur_description/meshes/ur3/collision/wrist2.stl
[0.989s] -- Installing: /home/nate-dixon/robot_arm_project/install/ur_description/share/ur_description/meshes/ur3/collision/base.stl
[0.989s] -- Installing: /home/nate-dixon/robot_arm_project/install/ur_description/share/ur_description/meshes/ur3/collision/shoulder.stl
[0.989s] -- Installing: /home/nate-dixon/robot_arm_project/install/ur_description/share/ur_description/meshes/ur3/collision/wrist1.stl
[0.989s] -- Installing: /home/nate-dixon/robot_arm_project/install/ur_description/share/ur_description/meshes/ur3/collision/wrist3.stl
[0.989s] -- Installing: /home/nate-dixon/robot_arm_project/install/ur_description/share/ur_description/meshes/ur3/collision/upperarm.stl
[0.989s] -- Installing: /home/nate-dixon/robot_arm_project/install/ur_description/share/ur_description/meshes/ur3/visual
[0.990s] -- Installing: /home/nate-dixon/robot_arm_project/install/ur_description/share/ur_description/meshes/ur3/visual/base.dae
[0.990s] -- Installing: /home/nate-dixon/robot_arm_project/install/ur_description/share/ur_description/meshes/ur3/visual/forearm.dae
[0.990s] -- Installing: /home/nate-dixon/robot_arm_project/install/ur_description/share/ur_description/meshes/ur3/visual/wrist2.dae
[0.990s] -- Installing: /home/nate-dixon/robot_arm_project/install/ur_description/share/ur_description/meshes/ur3/visual/shoulder.dae
[0.991s] -- Installing: /home/nate-dixon/robot_arm_project/install/ur_description/share/ur_description/meshes/ur3/visual/wrist3.dae
[0.991s] -- Installing: /home/nate-dixon/robot_arm_project/install/ur_description/share/ur_description/meshes/ur3/visual/wrist1.dae
[0.992s] -- Installing: /home/nate-dixon/robot_arm_project/install/ur_description/share/ur_description/meshes/ur3/visual/upperarm.dae
[0.993s] -- Installing: /home/nate-dixon/robot_arm_project/install/ur_description/share/ur_description/meshes/ur10e
[0.993s] -- Installing: /home/nate-dixon/robot_arm_project/install/ur_description/share/ur_description/meshes/ur10e/collision
[0.993s] -- Installing: /home/nate-dixon/robot_arm_project/install/ur_description/share/ur_description/meshes/ur10e/collision/forearm.stl
[0.993s] -- Installing: /home/nate-dixon/robot_arm_project/install/ur_description/share/ur_description/meshes/ur10e/collision/wrist2.stl
[0.993s] -- Installing: /home/nate-dixon/robot_arm_project/install/ur_description/share/ur_description/meshes/ur10e/collision/base.stl
[0.993s] -- Installing: /home/nate-dixon/robot_arm_project/install/ur_description/share/ur_description/meshes/ur10e/collision/shoulder.stl
[0.993s] -- Installing: /home/nate-dixon/robot_arm_project/install/ur_description/share/ur_description/meshes/ur10e/collision/wrist1.stl
[0.993s] -- Installing: /home/nate-dixon/robot_arm_project/install/ur_description/share/ur_description/meshes/ur10e/collision/wrist3.stl
[0.993s] -- Installing: /home/nate-dixon/robot_arm_project/install/ur_description/share/ur_description/meshes/ur10e/collision/upperarm.stl
[0.993s] -- Installing: /home/nate-dixon/robot_arm_project/install/ur_description/share/ur_description/meshes/ur10e/visual
[0.993s] -- Installing: /home/nate-dixon/robot_arm_project/install/ur_description/share/ur_description/meshes/ur10e/visual/base.dae
[0.993s] -- Installing: /home/nate-dixon/robot_arm_project/install/ur_description/share/ur_description/meshes/ur10e/visual/forearm.dae
[0.994s] -- Installing: /home/nate-dixon/robot_arm_project/install/ur_description/share/ur_description/meshes/ur10e/visual/wrist2.dae
[0.994s] -- Installing: /home/nate-dixon/robot_arm_project/install/ur_description/share/ur_description/meshes/ur10e/visual/shoulder.dae
[0.995s] -- Installing: /home/nate-dixon/robot_arm_project/install/ur_description/share/ur_description/meshes/ur10e/visual/wrist3.dae
[0.995s] -- Installing: /home/nate-dixon/robot_arm_project/install/ur_description/share/ur_description/meshes/ur10e/visual/wrist1.dae
[0.996s] -- Installing: /home/nate-dixon/robot_arm_project/install/ur_description/share/ur_description/meshes/ur10e/visual/upperarm.dae
[0.997s] -- Installing: /home/nate-dixon/robot_arm_project/install/ur_description/share/ur_description/meshes/ur20
[0.997s] -- Installing: /home/nate-dixon/robot_arm_project/install/ur_description/share/ur_description/meshes/ur20/LICENSE.txt
[0.997s] -- Installing: /home/nate-dixon/robot_arm_project/install/ur_description/share/ur_description/meshes/ur20/collision
[0.997s] -- Installing: /home/nate-dixon/robot_arm_project/install/ur_description/share/ur_description/meshes/ur20/collision/forearm.stl
[0.997s] -- Installing: /home/nate-dixon/robot_arm_project/install/ur_description/share/ur_description/meshes/ur20/collision/wrist2.stl
[0.997s] -- Installing: /home/nate-dixon/robot_arm_project/install/ur_description/share/ur_description/meshes/ur20/collision/base.stl
[0.997s] -- Installing: /home/nate-dixon/robot_arm_project/install/ur_description/share/ur_description/meshes/ur20/collision/shoulder.stl
[0.998s] -- Installing: /home/nate-dixon/robot_arm_project/install/ur_description/share/ur_description/meshes/ur20/collision/wrist1.stl
[0.998s] -- Installing: /home/nate-dixon/robot_arm_project/install/ur_description/share/ur_description/meshes/ur20/collision/wrist3.stl
[0.998s] -- Installing: /home/nate-dixon/robot_arm_project/install/ur_description/share/ur_description/meshes/ur20/collision/upperarm.stl
[0.998s] -- Installing: /home/nate-dixon/robot_arm_project/install/ur_description/share/ur_description/meshes/ur20/visual
[0.998s] -- Installing: /home/nate-dixon/robot_arm_project/install/ur_description/share/ur_description/meshes/ur20/visual/base.dae
[0.998s] -- Installing: /home/nate-dixon/robot_arm_project/install/ur_description/share/ur_description/meshes/ur20/visual/forearm.dae
[0.998s] -- Installing: /home/nate-dixon/robot_arm_project/install/ur_description/share/ur_description/meshes/ur20/visual/wrist2.dae
[0.998s] -- Installing: /home/nate-dixon/robot_arm_project/install/ur_description/share/ur_description/meshes/ur20/visual/UR20_DIFF_8bit_2K.png
[0.999s] -- Installing: /home/nate-dixon/robot_arm_project/install/ur_description/share/ur_description/meshes/ur20/visual/shoulder.dae
[0.999s] -- Installing: /home/nate-dixon/robot_arm_project/install/ur_description/share/ur_description/meshes/ur20/visual/wrist3.dae
[0.999s] -- Installing: /home/nate-dixon/robot_arm_project/install/ur_description/share/ur_description/meshes/ur20/visual/wrist1.dae
[1.000s] -- Installing: /home/nate-dixon/robot_arm_project/install/ur_description/share/ur_description/meshes/ur20/visual/upperarm.dae
[1.000s] -- Installing: /home/nate-dixon/robot_arm_project/install/ur_description/share/ur_description/rviz
[1.000s] -- Installing: /home/nate-dixon/robot_arm_project/install/ur_description/share/ur_description/rviz/view_robot.rviz
[1.000s] -- Installing: /home/nate-dixon/robot_arm_project/install/ur_description/share/ur_description/urdf
[1.000s] -- Installing: /home/nate-dixon/robot_arm_project/install/ur_description/share/ur_description/urdf/ur.urdf.xacro
[1.000s] -- Installing: /home/nate-dixon/robot_arm_project/install/ur_description/share/ur_description/urdf/ur_mocked.urdf.xacro
[1.000s] -- Installing: /home/nate-dixon/robot_arm_project/install/ur_description/share/ur_description/urdf/ur_macro.xacro
[1.000s] -- Installing: /home/nate-dixon/robot_arm_project/install/ur_description/share/ur_description/urdf/inc
[1.000s] -- Installing: /home/nate-dixon/robot_arm_project/install/ur_description/share/ur_description/urdf/inc/ur_joint_control.xacro
[1.000s] -- Installing: /home/nate-dixon/robot_arm_project/install/ur_description/share/ur_description/urdf/inc/ur_sensors.xacro
[1.000s] -- Installing: /home/nate-dixon/robot_arm_project/install/ur_description/share/ur_description/urdf/inc/ur_common.xacro
[1.000s] -- Installing: /home/nate-dixon/robot_arm_project/install/ur_description/share/ur_description/urdf/inc/ur_transmissions.xacro
[1.000s] -- Installing: /home/nate-dixon/robot_arm_project/install/ur_description/share/ur_description/urdf/ros2_control_mock_hardware.xacro
[1.000s] -- Installing: /home/nate-dixon/robot_arm_project/install/ur_description/share/ur_description/test
[1.000s] -- Installing: /home/nate-dixon/robot_arm_project/install/ur_description/share/ur_description/test/test_ur_urdf_xacro.py
[1.000s] -- Installing: /home/nate-dixon/robot_arm_project/install/ur_description/share/ur_description/test/test_view_ur_launch.py
[1.000s] -- Installing: /home/nate-dixon/robot_arm_project/install/ur_description/share/ament_index/resource_index/package_run_dependencies/ur_description
[1.001s] -- Installing: /home/nate-dixon/robot_arm_project/install/ur_description/share/ament_index/resource_index/parent_prefix_path/ur_description
[1.001s] -- Installing: /home/nate-dixon/robot_arm_project/install/ur_description/share/ur_description/environment/ament_prefix_path.sh
[1.001s] -- Installing: /home/nate-dixon/robot_arm_project/install/ur_description/share/ur_description/environment/ament_prefix_path.dsv
[1.001s] -- Installing: /home/nate-dixon/robot_arm_project/install/ur_description/share/ur_description/environment/path.sh
[1.001s] -- Installing: /home/nate-dixon/robot_arm_project/install/ur_description/share/ur_description/environment/path.dsv
[1.001s] -- Installing: /home/nate-dixon/robot_arm_project/install/ur_description/share/ur_description/local_setup.bash
[1.001s] -- Installing: /home/nate-dixon/robot_arm_project/install/ur_description/share/ur_description/local_setup.sh
[1.001s] -- Installing: /home/nate-dixon/robot_arm_project/install/ur_description/share/ur_description/local_setup.zsh
[1.001s] -- Installing: /home/nate-dixon/robot_arm_project/install/ur_description/share/ur_description/local_setup.dsv
[1.001s] -- Installing: /home/nate-dixon/robot_arm_project/install/ur_description/share/ur_description/package.dsv
[1.001s] -- Installing: /home/nate-dixon/robot_arm_project/install/ur_description/share/ament_index/resource_index/packages/ur_description
[1.001s] -- Installing: /home/nate-dixon/robot_arm_project/install/ur_description/share/ur_description/cmake/ur_descriptionConfig.cmake
[1.001s] -- Installing: /home/nate-dixon/robot_arm_project/install/ur_description/share/ur_description/cmake/ur_descriptionConfig-version.cmake
[1.001s] -- Installing: /home/nate-dixon/robot_arm_project/install/ur_description/share/ur_description/package.xml
[1.003s] Invoked command in '/home/nate-dixon/robot_arm_project/build/ur_description' returned '0': CMAKE_PREFIX_PATH=${CMAKE_PREFIX_PATH}:/opt/ros/jazzy DEBUGINFOD_URLS=https://debuginfod.ubuntu.com /usr/bin/cmake --install /home/nate-dixon/robot_arm_project/build/ur_description
