[0.005s] Invoking command in '/home/nate-dixon/robot_arm_project/build/my_robot_arm_control': CMAKE_PREFIX_PATH=/home/nate-dixon/robot_arm_project/install/ur_description:/home/nate-dixon/robot_arm_project/install/my_robot_arm_control:/opt/ros/jazzy/opt/gz_sim_vendor:/opt/ros/jazzy/opt/gz_sensors_vendor:/opt/ros/jazzy/opt/gz_physics_vendor:/opt/ros/jazzy/opt/sdformat_vendor:/opt/ros/jazzy/opt/gz_gui_vendor:/opt/ros/jazzy/opt/gz_transport_vendor:/opt/ros/jazzy/opt/gz_rendering_vendor:/opt/ros/jazzy/opt/gz_plugin_vendor:/opt/ros/jazzy/opt/gz_fuel_tools_vendor:/opt/ros/jazzy/opt/gz_msgs_vendor:/opt/ros/jazzy/opt/gz_common_vendor:/opt/ros/jazzy/opt/gz_math_vendor:/opt/ros/jazzy/opt/gz_utils_vendor:/opt/ros/jazzy/opt/gz_tools_vendor:/opt/ros/jazzy/opt/gz_ogre_next_vendor:/opt/ros/jazzy/opt/gz_dartsim_vendor:/opt/ros/jazzy/opt/gz_cmake_vendor:/opt/ros/jazzy DEBUGINFOD_URLS=https://debuginfod.ubuntu.com /usr/bin/cmake --build /home/nate-dixon/robot_arm_project/build/my_robot_arm_control -- -j32 -l32
[0.045s] [ 50%] Built target robot_controller
[0.046s] [ 75%] [32mBuilding CXX object CMakeFiles/test_input.dir/src/test_control_input.cpp.o[0m
[1.610s] [01m[K/home/nate-dixon/robot_arm_project/src/my_robot_arm_control/src/test_control_input.cpp:[m[K In member function ‘[01m[Kvoid PositionPub::[01;32m[Kpublish_target_positions[m[K()[m[K’:
[1.610s] [01m[K/home/nate-dixon/robot_arm_project/src/my_robot_arm_control/src/test_control_input.cpp:18:10:[m[K [01;35m[Kwarning: [m[Kinfinite recursion detected [[01;35m[K]8;;https://gcc.gnu.org/onlinedocs/gcc/Warning-Options.html#index-Winfinite-recursion-Winfinite-recursion]8;;[m[K]
[1.610s]    18 |     void [01;35m[Kpublish_target_positions[m[K(){
[1.610s]       |          [01;35m[K^~~~~~~~~~~~~~~~~~~~~~~~[m[K
[1.610s] [01m[K/home/nate-dixon/robot_arm_project/src/my_robot_arm_control/src/test_control_input.cpp:52:33:[m[K [01;36m[Knote: [m[Krecursive call
[1.610s]    52 |         [01;36m[Kpublish_target_positions()[m[K;  // Recursive call for another input
[1.610s]       |         [01;36m[K~~~~~~~~~~~~~~~~~~~~~~~~^~[m[K
[2.102s] [100%] [32m[1mLinking CXX executable test_input[0m
[2.191s] [100%] Built target test_input
[2.203s] Invoked command in '/home/nate-dixon/robot_arm_project/build/my_robot_arm_control' returned '0': CMAKE_PREFIX_PATH=/home/nate-dixon/robot_arm_project/install/ur_description:/home/nate-dixon/robot_arm_project/install/my_robot_arm_control:/opt/ros/jazzy/opt/gz_sim_vendor:/opt/ros/jazzy/opt/gz_sensors_vendor:/opt/ros/jazzy/opt/gz_physics_vendor:/opt/ros/jazzy/opt/sdformat_vendor:/opt/ros/jazzy/opt/gz_gui_vendor:/opt/ros/jazzy/opt/gz_transport_vendor:/opt/ros/jazzy/opt/gz_rendering_vendor:/opt/ros/jazzy/opt/gz_plugin_vendor:/opt/ros/jazzy/opt/gz_fuel_tools_vendor:/opt/ros/jazzy/opt/gz_msgs_vendor:/opt/ros/jazzy/opt/gz_common_vendor:/opt/ros/jazzy/opt/gz_math_vendor:/opt/ros/jazzy/opt/gz_utils_vendor:/opt/ros/jazzy/opt/gz_tools_vendor:/opt/ros/jazzy/opt/gz_ogre_next_vendor:/opt/ros/jazzy/opt/gz_dartsim_vendor:/opt/ros/jazzy/opt/gz_cmake_vendor:/opt/ros/jazzy DEBUGINFOD_URLS=https://debuginfod.ubuntu.com /usr/bin/cmake --build /home/nate-dixon/robot_arm_project/build/my_robot_arm_control -- -j32 -l32
[2.203s] Invoking command in '/home/nate-dixon/robot_arm_project/build/my_robot_arm_control': CMAKE_PREFIX_PATH=/home/nate-dixon/robot_arm_project/install/ur_description:/home/nate-dixon/robot_arm_project/install/my_robot_arm_control:/opt/ros/jazzy/opt/gz_sim_vendor:/opt/ros/jazzy/opt/gz_sensors_vendor:/opt/ros/jazzy/opt/gz_physics_vendor:/opt/ros/jazzy/opt/sdformat_vendor:/opt/ros/jazzy/opt/gz_gui_vendor:/opt/ros/jazzy/opt/gz_transport_vendor:/opt/ros/jazzy/opt/gz_rendering_vendor:/opt/ros/jazzy/opt/gz_plugin_vendor:/opt/ros/jazzy/opt/gz_fuel_tools_vendor:/opt/ros/jazzy/opt/gz_msgs_vendor:/opt/ros/jazzy/opt/gz_common_vendor:/opt/ros/jazzy/opt/gz_math_vendor:/opt/ros/jazzy/opt/gz_utils_vendor:/opt/ros/jazzy/opt/gz_tools_vendor:/opt/ros/jazzy/opt/gz_ogre_next_vendor:/opt/ros/jazzy/opt/gz_dartsim_vendor:/opt/ros/jazzy/opt/gz_cmake_vendor:/opt/ros/jazzy DEBUGINFOD_URLS=https://debuginfod.ubuntu.com /usr/bin/cmake --install /home/nate-dixon/robot_arm_project/build/my_robot_arm_control
[2.208s] -- Install configuration: ""
[2.209s] -- Up-to-date: /home/nate-dixon/robot_arm_project/install/my_robot_arm_control/lib/my_robot_arm_control/robot_controller
[2.209s] -- Installing: /home/nate-dixon/robot_arm_project/install/my_robot_arm_control/lib/my_robot_arm_control/test_input
[2.209s] -- Set non-toolchain portion of runtime path of "/home/nate-dixon/robot_arm_project/install/my_robot_arm_control/lib/my_robot_arm_control/test_input" to ""
[2.209s] -- Up-to-date: /home/nate-dixon/robot_arm_project/install/my_robot_arm_control/share/my_robot_arm_control//launch
[2.209s] -- Up-to-date: /home/nate-dixon/robot_arm_project/install/my_robot_arm_control/share/my_robot_arm_control//launch/my_robot_launch.launch.py
[2.209s] -- Up-to-date: /home/nate-dixon/robot_arm_project/install/my_robot_arm_control/share/my_robot_arm_control//rviz
[2.209s] -- Installing: /home/nate-dixon/robot_arm_project/install/my_robot_arm_control/share/my_robot_arm_control//rviz/robot_control.rviz
[2.209s] -- Up-to-date: /home/nate-dixon/robot_arm_project/install/my_robot_arm_control/share/ament_index/resource_index/package_run_dependencies/my_robot_arm_control
[2.209s] -- Up-to-date: /home/nate-dixon/robot_arm_project/install/my_robot_arm_control/share/ament_index/resource_index/parent_prefix_path/my_robot_arm_control
[2.209s] -- Up-to-date: /home/nate-dixon/robot_arm_project/install/my_robot_arm_control/share/my_robot_arm_control/environment/ament_prefix_path.sh
[2.209s] -- Up-to-date: /home/nate-dixon/robot_arm_project/install/my_robot_arm_control/share/my_robot_arm_control/environment/ament_prefix_path.dsv
[2.209s] -- Up-to-date: /home/nate-dixon/robot_arm_project/install/my_robot_arm_control/share/my_robot_arm_control/environment/path.sh
[2.209s] -- Up-to-date: /home/nate-dixon/robot_arm_project/install/my_robot_arm_control/share/my_robot_arm_control/environment/path.dsv
[2.209s] -- Up-to-date: /home/nate-dixon/robot_arm_project/install/my_robot_arm_control/share/my_robot_arm_control/local_setup.bash
[2.209s] -- Up-to-date: /home/nate-dixon/robot_arm_project/install/my_robot_arm_control/share/my_robot_arm_control/local_setup.sh
[2.209s] -- Up-to-date: /home/nate-dixon/robot_arm_project/install/my_robot_arm_control/share/my_robot_arm_control/local_setup.zsh
[2.209s] -- Up-to-date: /home/nate-dixon/robot_arm_project/install/my_robot_arm_control/share/my_robot_arm_control/local_setup.dsv
[2.209s] -- Installing: /home/nate-dixon/robot_arm_project/install/my_robot_arm_control/share/my_robot_arm_control/package.dsv
[2.209s] -- Up-to-date: /home/nate-dixon/robot_arm_project/install/my_robot_arm_control/share/ament_index/resource_index/packages/my_robot_arm_control
[2.210s] -- Up-to-date: /home/nate-dixon/robot_arm_project/install/my_robot_arm_control/share/my_robot_arm_control/cmake/my_robot_arm_controlConfig.cmake
[2.210s] -- Up-to-date: /home/nate-dixon/robot_arm_project/install/my_robot_arm_control/share/my_robot_arm_control/cmake/my_robot_arm_controlConfig-version.cmake
[2.210s] -- Up-to-date: /home/nate-dixon/robot_arm_project/install/my_robot_arm_control/share/my_robot_arm_control/package.xml
[2.211s] Invoked command in '/home/nate-dixon/robot_arm_project/build/my_robot_arm_control' returned '0': CMAKE_PREFIX_PATH=/home/nate-dixon/robot_arm_project/install/ur_description:/home/nate-dixon/robot_arm_project/install/my_robot_arm_control:/opt/ros/jazzy/opt/gz_sim_vendor:/opt/ros/jazzy/opt/gz_sensors_vendor:/opt/ros/jazzy/opt/gz_physics_vendor:/opt/ros/jazzy/opt/sdformat_vendor:/opt/ros/jazzy/opt/gz_gui_vendor:/opt/ros/jazzy/opt/gz_transport_vendor:/opt/ros/jazzy/opt/gz_rendering_vendor:/opt/ros/jazzy/opt/gz_plugin_vendor:/opt/ros/jazzy/opt/gz_fuel_tools_vendor:/opt/ros/jazzy/opt/gz_msgs_vendor:/opt/ros/jazzy/opt/gz_common_vendor:/opt/ros/jazzy/opt/gz_math_vendor:/opt/ros/jazzy/opt/gz_utils_vendor:/opt/ros/jazzy/opt/gz_tools_vendor:/opt/ros/jazzy/opt/gz_ogre_next_vendor:/opt/ros/jazzy/opt/gz_dartsim_vendor:/opt/ros/jazzy/opt/gz_cmake_vendor:/opt/ros/jazzy DEBUGINFOD_URLS=https://debuginfod.ubuntu.com /usr/bin/cmake --install /home/nate-dixon/robot_arm_project/build/my_robot_arm_control
