[0.005s] Invoking command in '/home/nate-dixon/robot_arm_project/build/my_robot_arm_control': CMAKE_PREFIX_PATH=/home/nate-dixon/robot_arm_project/install/ur_description:/home/nate-dixon/robot_arm_project/install/my_robot_arm_control:/opt/ros/jazzy/opt/gz_sim_vendor:/opt/ros/jazzy/opt/gz_sensors_vendor:/opt/ros/jazzy/opt/gz_physics_vendor:/opt/ros/jazzy/opt/sdformat_vendor:/opt/ros/jazzy/opt/gz_gui_vendor:/opt/ros/jazzy/opt/gz_transport_vendor:/opt/ros/jazzy/opt/gz_rendering_vendor:/opt/ros/jazzy/opt/gz_plugin_vendor:/opt/ros/jazzy/opt/gz_fuel_tools_vendor:/opt/ros/jazzy/opt/gz_msgs_vendor:/opt/ros/jazzy/opt/gz_common_vendor:/opt/ros/jazzy/opt/gz_math_vendor:/opt/ros/jazzy/opt/gz_utils_vendor:/opt/ros/jazzy/opt/gz_tools_vendor:/opt/ros/jazzy/opt/gz_ogre_next_vendor:/opt/ros/jazzy/opt/gz_dartsim_vendor:/opt/ros/jazzy/opt/gz_cmake_vendor:/opt/ros/jazzy DEBUGINFOD_URLS=https://debuginfod.ubuntu.com /usr/bin/cmake --build /home/nate-dixon/robot_arm_project/build/my_robot_arm_control -- -j32 -l32
[0.045s] [100%] Built target robot_controller
[0.054s] Invoked command in '/home/nate-dixon/robot_arm_project/build/my_robot_arm_control' returned '0': CMAKE_PREFIX_PATH=/home/nate-dixon/robot_arm_project/install/ur_description:/home/nate-dixon/robot_arm_project/install/my_robot_arm_control:/opt/ros/jazzy/opt/gz_sim_vendor:/opt/ros/jazzy/opt/gz_sensors_vendor:/opt/ros/jazzy/opt/gz_physics_vendor:/opt/ros/jazzy/opt/sdformat_vendor:/opt/ros/jazzy/opt/gz_gui_vendor:/opt/ros/jazzy/opt/gz_transport_vendor:/opt/ros/jazzy/opt/gz_rendering_vendor:/opt/ros/jazzy/opt/gz_plugin_vendor:/opt/ros/jazzy/opt/gz_fuel_tools_vendor:/opt/ros/jazzy/opt/gz_msgs_vendor:/opt/ros/jazzy/opt/gz_common_vendor:/opt/ros/jazzy/opt/gz_math_vendor:/opt/ros/jazzy/opt/gz_utils_vendor:/opt/ros/jazzy/opt/gz_tools_vendor:/opt/ros/jazzy/opt/gz_ogre_next_vendor:/opt/ros/jazzy/opt/gz_dartsim_vendor:/opt/ros/jazzy/opt/gz_cmake_vendor:/opt/ros/jazzy DEBUGINFOD_URLS=https://debuginfod.ubuntu.com /usr/bin/cmake --build /home/nate-dixon/robot_arm_project/build/my_robot_arm_control -- -j32 -l32
[0.054s] Invoking command in '/home/nate-dixon/robot_arm_project/build/my_robot_arm_control': CMAKE_PREFIX_PATH=/home/nate-dixon/robot_arm_project/install/ur_description:/home/nate-dixon/robot_arm_project/install/my_robot_arm_control:/opt/ros/jazzy/opt/gz_sim_vendor:/opt/ros/jazzy/opt/gz_sensors_vendor:/opt/ros/jazzy/opt/gz_physics_vendor:/opt/ros/jazzy/opt/sdformat_vendor:/opt/ros/jazzy/opt/gz_gui_vendor:/opt/ros/jazzy/opt/gz_transport_vendor:/opt/ros/jazzy/opt/gz_rendering_vendor:/opt/ros/jazzy/opt/gz_plugin_vendor:/opt/ros/jazzy/opt/gz_fuel_tools_vendor:/opt/ros/jazzy/opt/gz_msgs_vendor:/opt/ros/jazzy/opt/gz_common_vendor:/opt/ros/jazzy/opt/gz_math_vendor:/opt/ros/jazzy/opt/gz_utils_vendor:/opt/ros/jazzy/opt/gz_tools_vendor:/opt/ros/jazzy/opt/gz_ogre_next_vendor:/opt/ros/jazzy/opt/gz_dartsim_vendor:/opt/ros/jazzy/opt/gz_cmake_vendor:/opt/ros/jazzy DEBUGINFOD_URLS=https://debuginfod.ubuntu.com /usr/bin/cmake --install /home/nate-dixon/robot_arm_project/build/my_robot_arm_control
[0.060s] -- Install configuration: ""
[0.060s] -- Up-to-date: /home/nate-dixon/robot_arm_project/install/my_robot_arm_control/lib/my_robot_arm_control/robot_controller
[0.060s] -- Up-to-date: /home/nate-dixon/robot_arm_project/install/my_robot_arm_control/share/my_robot_arm_control//launch
[0.060s] -- Up-to-date: /home/nate-dixon/robot_arm_project/install/my_robot_arm_control/share/my_robot_arm_control//launch/my_robot_launch.launch.py
[0.060s] -- Up-to-date: /home/nate-dixon/robot_arm_project/install/my_robot_arm_control/share/my_robot_arm_control//rviz
[0.060s] -- Up-to-date: /home/nate-dixon/robot_arm_project/install/my_robot_arm_control/share/my_robot_arm_control//rviz/robot_control.rviz
[0.060s] -- Up-to-date: /home/nate-dixon/robot_arm_project/install/my_robot_arm_control/share/ament_index/resource_index/package_run_dependencies/my_robot_arm_control
[0.061s] -- Up-to-date: /home/nate-dixon/robot_arm_project/install/my_robot_arm_control/share/ament_index/resource_index/parent_prefix_path/my_robot_arm_control
[0.061s] -- Up-to-date: /home/nate-dixon/robot_arm_project/install/my_robot_arm_control/share/my_robot_arm_control/environment/ament_prefix_path.sh
[0.061s] -- Up-to-date: /home/nate-dixon/robot_arm_project/install/my_robot_arm_control/share/my_robot_arm_control/environment/ament_prefix_path.dsv
[0.061s] -- Up-to-date: /home/nate-dixon/robot_arm_project/install/my_robot_arm_control/share/my_robot_arm_control/environment/path.sh
[0.061s] -- Up-to-date: /home/nate-dixon/robot_arm_project/install/my_robot_arm_control/share/my_robot_arm_control/environment/path.dsv
[0.061s] -- Up-to-date: /home/nate-dixon/robot_arm_project/install/my_robot_arm_control/share/my_robot_arm_control/local_setup.bash
[0.061s] -- Up-to-date: /home/nate-dixon/robot_arm_project/install/my_robot_arm_control/share/my_robot_arm_control/local_setup.sh
[0.061s] -- Up-to-date: /home/nate-dixon/robot_arm_project/install/my_robot_arm_control/share/my_robot_arm_control/local_setup.zsh
[0.061s] -- Up-to-date: /home/nate-dixon/robot_arm_project/install/my_robot_arm_control/share/my_robot_arm_control/local_setup.dsv
[0.061s] -- Installing: /home/nate-dixon/robot_arm_project/install/my_robot_arm_control/share/my_robot_arm_control/package.dsv
[0.061s] -- Up-to-date: /home/nate-dixon/robot_arm_project/install/my_robot_arm_control/share/ament_index/resource_index/packages/my_robot_arm_control
[0.061s] -- Up-to-date: /home/nate-dixon/robot_arm_project/install/my_robot_arm_control/share/my_robot_arm_control/cmake/my_robot_arm_controlConfig.cmake
[0.061s] -- Up-to-date: /home/nate-dixon/robot_arm_project/install/my_robot_arm_control/share/my_robot_arm_control/cmake/my_robot_arm_controlConfig-version.cmake
[0.061s] -- Up-to-date: /home/nate-dixon/robot_arm_project/install/my_robot_arm_control/share/my_robot_arm_control/package.xml
[0.062s] Invoked command in '/home/nate-dixon/robot_arm_project/build/my_robot_arm_control' returned '0': CMAKE_PREFIX_PATH=/home/nate-dixon/robot_arm_project/install/ur_description:/home/nate-dixon/robot_arm_project/install/my_robot_arm_control:/opt/ros/jazzy/opt/gz_sim_vendor:/opt/ros/jazzy/opt/gz_sensors_vendor:/opt/ros/jazzy/opt/gz_physics_vendor:/opt/ros/jazzy/opt/sdformat_vendor:/opt/ros/jazzy/opt/gz_gui_vendor:/opt/ros/jazzy/opt/gz_transport_vendor:/opt/ros/jazzy/opt/gz_rendering_vendor:/opt/ros/jazzy/opt/gz_plugin_vendor:/opt/ros/jazzy/opt/gz_fuel_tools_vendor:/opt/ros/jazzy/opt/gz_msgs_vendor:/opt/ros/jazzy/opt/gz_common_vendor:/opt/ros/jazzy/opt/gz_math_vendor:/opt/ros/jazzy/opt/gz_utils_vendor:/opt/ros/jazzy/opt/gz_tools_vendor:/opt/ros/jazzy/opt/gz_ogre_next_vendor:/opt/ros/jazzy/opt/gz_dartsim_vendor:/opt/ros/jazzy/opt/gz_cmake_vendor:/opt/ros/jazzy DEBUGINFOD_URLS=https://debuginfod.ubuntu.com /usr/bin/cmake --install /home/nate-dixon/robot_arm_project/build/my_robot_arm_control
