[0.059s] DEBUG:colcon:Command line arguments: ['/usr/bin/colcon', 'build']
[0.059s] DEBUG:colcon:Parsed command line arguments: Namespace(log_base=None, log_level=None, verb_name='build', build_base='build', install_base='install', merge_install=False, symlink_install=False, test_result_base=None, continue_on_error=False, executor='parallel', parallel_workers=32, event_handlers=None, ignore_user_meta=False, metas=['./colcon.meta'], base_paths=['.'], packages_ignore=None, packages_ignore_regex=None, paths=None, packages_up_to=None, packages_up_to_regex=None, packages_above=None, packages_above_and_dependencies=None, packages_above_depth=None, packages_select_by_dep=None, packages_skip_by_dep=None, packages_skip_up_to=None, packages_select_build_failed=False, packages_skip_build_finished=False, packages_select_test_failures=False, packages_skip_test_passed=False, packages_select=None, packages_skip=None, packages_select_regex=None, packages_skip_regex=None, packages_start=None, packages_end=None, allow_overriding=[], cmake_args=None, cmake_target=None, cmake_target_skip_unavailable=False, cmake_clean_cache=False, cmake_clean_first=False, cmake_force_configure=False, ament_cmake_args=None, catkin_cmake_args=None, catkin_skip_building_tests=False, verb_parser=<colcon_defaults.argument_parser.defaults.DefaultArgumentsDecorator object at 0x7de018d830e0>, verb_extension=<colcon_core.verb.build.BuildVerb object at 0x7de018d82870>, main=<bound method BuildVerb.main of <colcon_core.verb.build.BuildVerb object at 0x7de018d82870>>)
[0.076s] Level 1:colcon.colcon_core.package_discovery:discover_packages(colcon_meta) check parameters
[0.076s] Level 1:colcon.colcon_core.package_discovery:discover_packages(recursive) check parameters
[0.076s] Level 1:colcon.colcon_core.package_discovery:discover_packages(ignore) check parameters
[0.076s] Level 1:colcon.colcon_core.package_discovery:discover_packages(path) check parameters
[0.076s] Level 1:colcon.colcon_core.package_discovery:discover_packages(colcon_meta) discover
[0.076s] Level 1:colcon.colcon_core.package_discovery:discover_packages(recursive) discover
[0.076s] INFO:colcon.colcon_core.package_discovery:Crawling recursively for packages in '/home/nate-dixon/robot_arm_project'
[0.076s] Level 1:colcon.colcon_core.package_identification:_identify(.) by extensions ['ignore', 'ignore_ament_install']
[0.076s] Level 1:colcon.colcon_core.package_identification:_identify(.) by extension 'ignore'
[0.076s] Level 1:colcon.colcon_core.package_identification:_identify(.) by extension 'ignore_ament_install'
[0.076s] Level 1:colcon.colcon_core.package_identification:_identify(.) by extensions ['colcon_pkg']
[0.077s] Level 1:colcon.colcon_core.package_identification:_identify(.) by extension 'colcon_pkg'
[0.077s] Level 1:colcon.colcon_core.package_identification:_identify(.) by extensions ['colcon_meta']
[0.077s] Level 1:colcon.colcon_core.package_identification:_identify(.) by extension 'colcon_meta'
[0.077s] Level 1:colcon.colcon_core.package_identification:_identify(.) by extensions ['ros']
[0.077s] Level 1:colcon.colcon_core.package_identification:_identify(.) by extension 'ros'
[0.089s] Level 1:colcon.colcon_core.package_identification:_identify(.) by extensions ['cmake', 'python']
[0.089s] Level 1:colcon.colcon_core.package_identification:_identify(.) by extension 'cmake'
[0.089s] Level 1:colcon.colcon_core.package_identification:_identify(.) by extension 'python'
[0.089s] Level 1:colcon.colcon_core.package_identification:_identify(.) by extensions ['python_setup_py']
[0.089s] Level 1:colcon.colcon_core.package_identification:_identify(.) by extension 'python_setup_py'
[0.089s] Level 1:colcon.colcon_core.package_identification:_identify(build) by extensions ['ignore', 'ignore_ament_install']
[0.089s] Level 1:colcon.colcon_core.package_identification:_identify(build) by extension 'ignore'
[0.089s] Level 1:colcon.colcon_core.package_identification:_identify(build) ignored
[0.089s] Level 1:colcon.colcon_core.package_identification:_identify(install) by extensions ['ignore', 'ignore_ament_install']
[0.089s] Level 1:colcon.colcon_core.package_identification:_identify(install) by extension 'ignore'
[0.090s] Level 1:colcon.colcon_core.package_identification:_identify(install) ignored
[0.090s] Level 1:colcon.colcon_core.package_identification:_identify(log) by extensions ['ignore', 'ignore_ament_install']
[0.090s] Level 1:colcon.colcon_core.package_identification:_identify(log) by extension 'ignore'
[0.090s] Level 1:colcon.colcon_core.package_identification:_identify(log) ignored
[0.090s] Level 1:colcon.colcon_core.package_identification:_identify(src) by extensions ['ignore', 'ignore_ament_install']
[0.090s] Level 1:colcon.colcon_core.package_identification:_identify(src) by extension 'ignore'
[0.090s] Level 1:colcon.colcon_core.package_identification:_identify(src) by extension 'ignore_ament_install'
[0.090s] Level 1:colcon.colcon_core.package_identification:_identify(src) by extensions ['colcon_pkg']
[0.090s] Level 1:colcon.colcon_core.package_identification:_identify(src) by extension 'colcon_pkg'
[0.090s] Level 1:colcon.colcon_core.package_identification:_identify(src) by extensions ['colcon_meta']
[0.090s] Level 1:colcon.colcon_core.package_identification:_identify(src) by extension 'colcon_meta'
[0.090s] Level 1:colcon.colcon_core.package_identification:_identify(src) by extensions ['ros']
[0.090s] Level 1:colcon.colcon_core.package_identification:_identify(src) by extension 'ros'
[0.090s] Level 1:colcon.colcon_core.package_identification:_identify(src) by extensions ['cmake', 'python']
[0.090s] Level 1:colcon.colcon_core.package_identification:_identify(src) by extension 'cmake'
[0.090s] Level 1:colcon.colcon_core.package_identification:_identify(src) by extension 'python'
[0.090s] Level 1:colcon.colcon_core.package_identification:_identify(src) by extensions ['python_setup_py']
[0.090s] Level 1:colcon.colcon_core.package_identification:_identify(src) by extension 'python_setup_py'
[0.090s] Level 1:colcon.colcon_core.package_identification:_identify(src/my_robot_arm_control) by extensions ['ignore', 'ignore_ament_install']
[0.090s] Level 1:colcon.colcon_core.package_identification:_identify(src/my_robot_arm_control) by extension 'ignore'
[0.090s] Level 1:colcon.colcon_core.package_identification:_identify(src/my_robot_arm_control) by extension 'ignore_ament_install'
[0.090s] Level 1:colcon.colcon_core.package_identification:_identify(src/my_robot_arm_control) by extensions ['colcon_pkg']
[0.090s] Level 1:colcon.colcon_core.package_identification:_identify(src/my_robot_arm_control) by extension 'colcon_pkg'
[0.090s] Level 1:colcon.colcon_core.package_identification:_identify(src/my_robot_arm_control) by extensions ['colcon_meta']
[0.090s] Level 1:colcon.colcon_core.package_identification:_identify(src/my_robot_arm_control) by extension 'colcon_meta'
[0.090s] Level 1:colcon.colcon_core.package_identification:_identify(src/my_robot_arm_control) by extensions ['ros']
[0.090s] Level 1:colcon.colcon_core.package_identification:_identify(src/my_robot_arm_control) by extension 'ros'
[0.091s] DEBUG:colcon.colcon_core.package_identification:Package 'src/my_robot_arm_control' with type 'ros.ament_cmake' and name 'my_robot_arm_control'
[0.091s] Level 1:colcon.colcon_core.package_identification:_identify(src/ur_description) by extensions ['ignore', 'ignore_ament_install']
[0.091s] Level 1:colcon.colcon_core.package_identification:_identify(src/ur_description) by extension 'ignore'
[0.091s] Level 1:colcon.colcon_core.package_identification:_identify(src/ur_description) by extension 'ignore_ament_install'
[0.091s] Level 1:colcon.colcon_core.package_identification:_identify(src/ur_description) by extensions ['colcon_pkg']
[0.091s] Level 1:colcon.colcon_core.package_identification:_identify(src/ur_description) by extension 'colcon_pkg'
[0.091s] Level 1:colcon.colcon_core.package_identification:_identify(src/ur_description) by extensions ['colcon_meta']
[0.091s] Level 1:colcon.colcon_core.package_identification:_identify(src/ur_description) by extension 'colcon_meta'
[0.091s] Level 1:colcon.colcon_core.package_identification:_identify(src/ur_description) by extensions ['ros']
[0.091s] Level 1:colcon.colcon_core.package_identification:_identify(src/ur_description) by extension 'ros'
[0.092s] DEBUG:colcon.colcon_core.package_identification:Package 'src/ur_description' with type 'ros.ament_cmake' and name 'ur_description'
[0.092s] Level 1:colcon.colcon_core.package_discovery:discover_packages(recursive) using defaults
[0.092s] Level 1:colcon.colcon_core.package_discovery:discover_packages(ignore) discover
[0.092s] Level 1:colcon.colcon_core.package_discovery:discover_packages(ignore) using defaults
[0.092s] Level 1:colcon.colcon_core.package_discovery:discover_packages(path) discover
[0.092s] Level 1:colcon.colcon_core.package_discovery:discover_packages(path) using defaults
[0.101s] Level 1:colcon.colcon_core.package_discovery:discover_packages(prefix_path) check parameters
[0.101s] Level 1:colcon.colcon_core.package_discovery:discover_packages(prefix_path) discover
[0.102s] DEBUG:colcon.colcon_installed_package_information.package_discovery:Found 2 installed packages in /home/nate-dixon/robot_arm_project/install
[0.102s] DEBUG:colcon.colcon_installed_package_information.package_discovery:Found 366 installed packages in /opt/ros/jazzy
[0.103s] Level 1:colcon.colcon_core.package_discovery:discover_packages(prefix_path) using defaults
[0.125s] Level 5:colcon.colcon_core.verb:set package 'ur_description' build argument 'cmake_args' from command line to 'None'
[0.125s] Level 5:colcon.colcon_core.verb:set package 'ur_description' build argument 'cmake_target' from command line to 'None'
[0.125s] Level 5:colcon.colcon_core.verb:set package 'ur_description' build argument 'cmake_target_skip_unavailable' from command line to 'False'
[0.125s] Level 5:colcon.colcon_core.verb:set package 'ur_description' build argument 'cmake_clean_cache' from command line to 'False'
[0.125s] Level 5:colcon.colcon_core.verb:set package 'ur_description' build argument 'cmake_clean_first' from command line to 'False'
[0.125s] Level 5:colcon.colcon_core.verb:set package 'ur_description' build argument 'cmake_force_configure' from command line to 'False'
[0.125s] Level 5:colcon.colcon_core.verb:set package 'ur_description' build argument 'ament_cmake_args' from command line to 'None'
[0.125s] Level 5:colcon.colcon_core.verb:set package 'ur_description' build argument 'catkin_cmake_args' from command line to 'None'
[0.125s] Level 5:colcon.colcon_core.verb:set package 'ur_description' build argument 'catkin_skip_building_tests' from command line to 'False'
[0.125s] DEBUG:colcon.colcon_core.verb:Building package 'ur_description' with the following arguments: {'ament_cmake_args': None, 'build_base': '/home/nate-dixon/robot_arm_project/build/ur_description', 'catkin_cmake_args': None, 'catkin_skip_building_tests': False, 'cmake_args': None, 'cmake_clean_cache': False, 'cmake_clean_first': False, 'cmake_force_configure': False, 'cmake_target': None, 'cmake_target_skip_unavailable': False, 'install_base': '/home/nate-dixon/robot_arm_project/install/ur_description', 'merge_install': False, 'path': '/home/nate-dixon/robot_arm_project/src/ur_description', 'symlink_install': False, 'test_result_base': None}
[0.125s] Level 5:colcon.colcon_core.verb:set package 'my_robot_arm_control' build argument 'cmake_args' from command line to 'None'
[0.125s] Level 5:colcon.colcon_core.verb:set package 'my_robot_arm_control' build argument 'cmake_target' from command line to 'None'
[0.125s] Level 5:colcon.colcon_core.verb:set package 'my_robot_arm_control' build argument 'cmake_target_skip_unavailable' from command line to 'False'
[0.125s] Level 5:colcon.colcon_core.verb:set package 'my_robot_arm_control' build argument 'cmake_clean_cache' from command line to 'False'
[0.125s] Level 5:colcon.colcon_core.verb:set package 'my_robot_arm_control' build argument 'cmake_clean_first' from command line to 'False'
[0.125s] Level 5:colcon.colcon_core.verb:set package 'my_robot_arm_control' build argument 'cmake_force_configure' from command line to 'False'
[0.125s] Level 5:colcon.colcon_core.verb:set package 'my_robot_arm_control' build argument 'ament_cmake_args' from command line to 'None'
[0.125s] Level 5:colcon.colcon_core.verb:set package 'my_robot_arm_control' build argument 'catkin_cmake_args' from command line to 'None'
[0.125s] Level 5:colcon.colcon_core.verb:set package 'my_robot_arm_control' build argument 'catkin_skip_building_tests' from command line to 'False'
[0.125s] DEBUG:colcon.colcon_core.verb:Building package 'my_robot_arm_control' with the following arguments: {'ament_cmake_args': None, 'build_base': '/home/nate-dixon/robot_arm_project/build/my_robot_arm_control', 'catkin_cmake_args': None, 'catkin_skip_building_tests': False, 'cmake_args': None, 'cmake_clean_cache': False, 'cmake_clean_first': False, 'cmake_force_configure': False, 'cmake_target': None, 'cmake_target_skip_unavailable': False, 'install_base': '/home/nate-dixon/robot_arm_project/install/my_robot_arm_control', 'merge_install': False, 'path': '/home/nate-dixon/robot_arm_project/src/my_robot_arm_control', 'symlink_install': False, 'test_result_base': None}
[0.125s] INFO:colcon.colcon_core.executor:Executing jobs using 'parallel' executor
[0.126s] DEBUG:colcon.colcon_parallel_executor.executor.parallel:run_until_complete
[0.126s] INFO:colcon.colcon_ros.task.ament_cmake.build:Building ROS package in '/home/nate-dixon/robot_arm_project/src/ur_description' with build type 'ament_cmake'
[0.126s] INFO:colcon.colcon_cmake.task.cmake.build:Building CMake package in '/home/nate-dixon/robot_arm_project/src/ur_description'
[0.127s] INFO:colcon.colcon_core.plugin_system:Skipping extension 'colcon_core.shell.bat': Not used on non-Windows systems
[0.127s] INFO:colcon.colcon_core.shell:Skip shell extension 'powershell' for command environment: Not usable outside of PowerShell
[0.127s] DEBUG:colcon.colcon_core.shell:Skip shell extension 'dsv' for command environment
[0.134s] DEBUG:colcon.colcon_core.event_handler.log_command:Invoking command in '/home/nate-dixon/robot_arm_project/build/ur_description': CMAKE_PREFIX_PATH=${CMAKE_PREFIX_PATH}:/opt/ros/jazzy DEBUGINFOD_URLS=https://debuginfod.ubuntu.com /usr/bin/cmake --build /home/nate-dixon/robot_arm_project/build/ur_description -- -j32 -l32
[0.163s] DEBUG:colcon.colcon_core.event_handler.log_command:Invoked command in '/home/nate-dixon/robot_arm_project/build/ur_description' returned '0': CMAKE_PREFIX_PATH=${CMAKE_PREFIX_PATH}:/opt/ros/jazzy DEBUGINFOD_URLS=https://debuginfod.ubuntu.com /usr/bin/cmake --build /home/nate-dixon/robot_arm_project/build/ur_description -- -j32 -l32
[0.170s] DEBUG:colcon.colcon_core.event_handler.log_command:Invoking command in '/home/nate-dixon/robot_arm_project/build/ur_description': CMAKE_PREFIX_PATH=${CMAKE_PREFIX_PATH}:/opt/ros/jazzy DEBUGINFOD_URLS=https://debuginfod.ubuntu.com /usr/bin/cmake --install /home/nate-dixon/robot_arm_project/build/ur_description
[0.182s] Level 1:colcon.colcon_core.environment:create_environment_scripts_only(ur_description)
[0.190s] Level 1:colcon.colcon_core.environment:checking '/home/nate-dixon/robot_arm_project/install/ur_description' for CMake module files
[0.192s] Level 1:colcon.colcon_core.environment:checking '/home/nate-dixon/robot_arm_project/install/ur_description' for CMake config files
[0.192s] DEBUG:colcon.colcon_core.event_handler.log_command:Invoked command in '/home/nate-dixon/robot_arm_project/build/ur_description' returned '0': CMAKE_PREFIX_PATH=${CMAKE_PREFIX_PATH}:/opt/ros/jazzy DEBUGINFOD_URLS=https://debuginfod.ubuntu.com /usr/bin/cmake --install /home/nate-dixon/robot_arm_project/build/ur_description
[0.193s] Level 1:colcon.colcon_core.shell:create_environment_hook('ur_description', 'cmake_prefix_path')
[0.193s] INFO:colcon.colcon_core.shell:Creating environment hook '/home/nate-dixon/robot_arm_project/install/ur_description/share/ur_description/hook/cmake_prefix_path.ps1'
[0.193s] INFO:colcon.colcon_core.shell:Creating environment descriptor '/home/nate-dixon/robot_arm_project/install/ur_description/share/ur_description/hook/cmake_prefix_path.dsv'
[0.193s] INFO:colcon.colcon_core.shell:Creating environment hook '/home/nate-dixon/robot_arm_project/install/ur_description/share/ur_description/hook/cmake_prefix_path.sh'
[0.194s] Level 1:colcon.colcon_core.environment:checking '/home/nate-dixon/robot_arm_project/install/ur_description/bin'
[0.194s] Level 1:colcon.colcon_core.environment:checking '/home/nate-dixon/robot_arm_project/install/ur_description/lib/pkgconfig/ur_description.pc'
[0.194s] Level 1:colcon.colcon_core.environment:checking '/home/nate-dixon/robot_arm_project/install/ur_description/lib/python3.12/site-packages'
[0.194s] Level 1:colcon.colcon_core.environment:checking '/home/nate-dixon/robot_arm_project/install/ur_description/bin'
[0.194s] INFO:colcon.colcon_core.shell:Creating package script '/home/nate-dixon/robot_arm_project/install/ur_description/share/ur_description/package.ps1'
[0.194s] INFO:colcon.colcon_core.shell:Creating package descriptor '/home/nate-dixon/robot_arm_project/install/ur_description/share/ur_description/package.dsv'
[0.194s] INFO:colcon.colcon_core.shell:Creating package script '/home/nate-dixon/robot_arm_project/install/ur_description/share/ur_description/package.sh'
[0.195s] INFO:colcon.colcon_core.shell:Creating package script '/home/nate-dixon/robot_arm_project/install/ur_description/share/ur_description/package.bash'
[0.195s] INFO:colcon.colcon_core.shell:Creating package script '/home/nate-dixon/robot_arm_project/install/ur_description/share/ur_description/package.zsh'
[0.195s] Level 1:colcon.colcon_core.environment:create_file_with_runtime_dependencies(/home/nate-dixon/robot_arm_project/install/ur_description/share/colcon-core/packages/ur_description)
[0.195s] Level 1:colcon.colcon_core.environment:create_environment_scripts_only(ur_description)
[0.195s] Level 1:colcon.colcon_core.environment:checking '/home/nate-dixon/robot_arm_project/install/ur_description' for CMake module files
[0.196s] Level 1:colcon.colcon_core.environment:checking '/home/nate-dixon/robot_arm_project/install/ur_description' for CMake config files
[0.196s] Level 1:colcon.colcon_core.shell:create_environment_hook('ur_description', 'cmake_prefix_path')
[0.196s] INFO:colcon.colcon_core.shell:Creating environment hook '/home/nate-dixon/robot_arm_project/install/ur_description/share/ur_description/hook/cmake_prefix_path.ps1'
[0.196s] INFO:colcon.colcon_core.shell:Creating environment descriptor '/home/nate-dixon/robot_arm_project/install/ur_description/share/ur_description/hook/cmake_prefix_path.dsv'
[0.196s] INFO:colcon.colcon_core.shell:Creating environment hook '/home/nate-dixon/robot_arm_project/install/ur_description/share/ur_description/hook/cmake_prefix_path.sh'
[0.196s] Level 1:colcon.colcon_core.environment:checking '/home/nate-dixon/robot_arm_project/install/ur_description/bin'
[0.197s] Level 1:colcon.colcon_core.environment:checking '/home/nate-dixon/robot_arm_project/install/ur_description/lib/pkgconfig/ur_description.pc'
[0.197s] Level 1:colcon.colcon_core.environment:checking '/home/nate-dixon/robot_arm_project/install/ur_description/lib/python3.12/site-packages'
[0.197s] Level 1:colcon.colcon_core.environment:checking '/home/nate-dixon/robot_arm_project/install/ur_description/bin'
[0.197s] INFO:colcon.colcon_core.shell:Creating package script '/home/nate-dixon/robot_arm_project/install/ur_description/share/ur_description/package.ps1'
[0.197s] INFO:colcon.colcon_core.shell:Creating package descriptor '/home/nate-dixon/robot_arm_project/install/ur_description/share/ur_description/package.dsv'
[0.197s] INFO:colcon.colcon_core.shell:Creating package script '/home/nate-dixon/robot_arm_project/install/ur_description/share/ur_description/package.sh'
[0.197s] INFO:colcon.colcon_core.shell:Creating package script '/home/nate-dixon/robot_arm_project/install/ur_description/share/ur_description/package.bash'
[0.198s] INFO:colcon.colcon_core.shell:Creating package script '/home/nate-dixon/robot_arm_project/install/ur_description/share/ur_description/package.zsh'
[0.198s] Level 1:colcon.colcon_core.environment:create_file_with_runtime_dependencies(/home/nate-dixon/robot_arm_project/install/ur_description/share/colcon-core/packages/ur_description)
[0.198s] INFO:colcon.colcon_ros.task.ament_cmake.build:Building ROS package in '/home/nate-dixon/robot_arm_project/src/my_robot_arm_control' with build type 'ament_cmake'
[0.198s] INFO:colcon.colcon_cmake.task.cmake.build:Building CMake package in '/home/nate-dixon/robot_arm_project/src/my_robot_arm_control'
[0.198s] INFO:colcon.colcon_core.shell:Skip shell extension 'powershell' for command environment: Not usable outside of PowerShell
[0.198s] DEBUG:colcon.colcon_core.shell:Skip shell extension 'dsv' for command environment
[0.204s] DEBUG:colcon.colcon_core.event_handler.log_command:Invoking command in '/home/nate-dixon/robot_arm_project/build/my_robot_arm_control': CMAKE_PREFIX_PATH=/home/nate-dixon/robot_arm_project/install/ur_description:/home/nate-dixon/robot_arm_project/install/my_robot_arm_control:/opt/ros/jazzy/opt/gz_sim_vendor:/opt/ros/jazzy/opt/gz_sensors_vendor:/opt/ros/jazzy/opt/gz_physics_vendor:/opt/ros/jazzy/opt/sdformat_vendor:/opt/ros/jazzy/opt/gz_gui_vendor:/opt/ros/jazzy/opt/gz_transport_vendor:/opt/ros/jazzy/opt/gz_rendering_vendor:/opt/ros/jazzy/opt/gz_plugin_vendor:/opt/ros/jazzy/opt/gz_fuel_tools_vendor:/opt/ros/jazzy/opt/gz_msgs_vendor:/opt/ros/jazzy/opt/gz_common_vendor:/opt/ros/jazzy/opt/gz_math_vendor:/opt/ros/jazzy/opt/gz_utils_vendor:/opt/ros/jazzy/opt/gz_tools_vendor:/opt/ros/jazzy/opt/gz_ogre_next_vendor:/opt/ros/jazzy/opt/gz_dartsim_vendor:/opt/ros/jazzy/opt/gz_cmake_vendor:/opt/ros/jazzy DEBUGINFOD_URLS=https://debuginfod.ubuntu.com /usr/bin/cmake --build /home/nate-dixon/robot_arm_project/build/my_robot_arm_control -- -j32 -l32
[4.120s] DEBUG:colcon.colcon_core.event_handler.log_command:Invoked command in '/home/nate-dixon/robot_arm_project/build/my_robot_arm_control' returned '0': CMAKE_PREFIX_PATH=/home/nate-dixon/robot_arm_project/install/ur_description:/home/nate-dixon/robot_arm_project/install/my_robot_arm_control:/opt/ros/jazzy/opt/gz_sim_vendor:/opt/ros/jazzy/opt/gz_sensors_vendor:/opt/ros/jazzy/opt/gz_physics_vendor:/opt/ros/jazzy/opt/sdformat_vendor:/opt/ros/jazzy/opt/gz_gui_vendor:/opt/ros/jazzy/opt/gz_transport_vendor:/opt/ros/jazzy/opt/gz_rendering_vendor:/opt/ros/jazzy/opt/gz_plugin_vendor:/opt/ros/jazzy/opt/gz_fuel_tools_vendor:/opt/ros/jazzy/opt/gz_msgs_vendor:/opt/ros/jazzy/opt/gz_common_vendor:/opt/ros/jazzy/opt/gz_math_vendor:/opt/ros/jazzy/opt/gz_utils_vendor:/opt/ros/jazzy/opt/gz_tools_vendor:/opt/ros/jazzy/opt/gz_ogre_next_vendor:/opt/ros/jazzy/opt/gz_dartsim_vendor:/opt/ros/jazzy/opt/gz_cmake_vendor:/opt/ros/jazzy DEBUGINFOD_URLS=https://debuginfod.ubuntu.com /usr/bin/cmake --build /home/nate-dixon/robot_arm_project/build/my_robot_arm_control -- -j32 -l32
[4.121s] DEBUG:colcon.colcon_core.event_handler.log_command:Invoking command in '/home/nate-dixon/robot_arm_project/build/my_robot_arm_control': CMAKE_PREFIX_PATH=/home/nate-dixon/robot_arm_project/install/ur_description:/home/nate-dixon/robot_arm_project/install/my_robot_arm_control:/opt/ros/jazzy/opt/gz_sim_vendor:/opt/ros/jazzy/opt/gz_sensors_vendor:/opt/ros/jazzy/opt/gz_physics_vendor:/opt/ros/jazzy/opt/sdformat_vendor:/opt/ros/jazzy/opt/gz_gui_vendor:/opt/ros/jazzy/opt/gz_transport_vendor:/opt/ros/jazzy/opt/gz_rendering_vendor:/opt/ros/jazzy/opt/gz_plugin_vendor:/opt/ros/jazzy/opt/gz_fuel_tools_vendor:/opt/ros/jazzy/opt/gz_msgs_vendor:/opt/ros/jazzy/opt/gz_common_vendor:/opt/ros/jazzy/opt/gz_math_vendor:/opt/ros/jazzy/opt/gz_utils_vendor:/opt/ros/jazzy/opt/gz_tools_vendor:/opt/ros/jazzy/opt/gz_ogre_next_vendor:/opt/ros/jazzy/opt/gz_dartsim_vendor:/opt/ros/jazzy/opt/gz_cmake_vendor:/opt/ros/jazzy DEBUGINFOD_URLS=https://debuginfod.ubuntu.com /usr/bin/cmake --install /home/nate-dixon/robot_arm_project/build/my_robot_arm_control
[4.130s] Level 1:colcon.colcon_core.environment:create_environment_scripts_only(my_robot_arm_control)
[4.130s] Level 1:colcon.colcon_core.environment:checking '/home/nate-dixon/robot_arm_project/install/my_robot_arm_control' for CMake module files
[4.130s] DEBUG:colcon.colcon_core.event_handler.log_command:Invoked command in '/home/nate-dixon/robot_arm_project/build/my_robot_arm_control' returned '0': CMAKE_PREFIX_PATH=/home/nate-dixon/robot_arm_project/install/ur_description:/home/nate-dixon/robot_arm_project/install/my_robot_arm_control:/opt/ros/jazzy/opt/gz_sim_vendor:/opt/ros/jazzy/opt/gz_sensors_vendor:/opt/ros/jazzy/opt/gz_physics_vendor:/opt/ros/jazzy/opt/sdformat_vendor:/opt/ros/jazzy/opt/gz_gui_vendor:/opt/ros/jazzy/opt/gz_transport_vendor:/opt/ros/jazzy/opt/gz_rendering_vendor:/opt/ros/jazzy/opt/gz_plugin_vendor:/opt/ros/jazzy/opt/gz_fuel_tools_vendor:/opt/ros/jazzy/opt/gz_msgs_vendor:/opt/ros/jazzy/opt/gz_common_vendor:/opt/ros/jazzy/opt/gz_math_vendor:/opt/ros/jazzy/opt/gz_utils_vendor:/opt/ros/jazzy/opt/gz_tools_vendor:/opt/ros/jazzy/opt/gz_ogre_next_vendor:/opt/ros/jazzy/opt/gz_dartsim_vendor:/opt/ros/jazzy/opt/gz_cmake_vendor:/opt/ros/jazzy DEBUGINFOD_URLS=https://debuginfod.ubuntu.com /usr/bin/cmake --install /home/nate-dixon/robot_arm_project/build/my_robot_arm_control
[4.130s] Level 1:colcon.colcon_core.environment:checking '/home/nate-dixon/robot_arm_project/install/my_robot_arm_control' for CMake config files
[4.130s] Level 1:colcon.colcon_core.shell:create_environment_hook('my_robot_arm_control', 'cmake_prefix_path')
[4.130s] INFO:colcon.colcon_core.shell:Creating environment hook '/home/nate-dixon/robot_arm_project/install/my_robot_arm_control/share/my_robot_arm_control/hook/cmake_prefix_path.ps1'
[4.130s] INFO:colcon.colcon_core.shell:Creating environment descriptor '/home/nate-dixon/robot_arm_project/install/my_robot_arm_control/share/my_robot_arm_control/hook/cmake_prefix_path.dsv'
[4.131s] INFO:colcon.colcon_core.shell:Creating environment hook '/home/nate-dixon/robot_arm_project/install/my_robot_arm_control/share/my_robot_arm_control/hook/cmake_prefix_path.sh'
[4.131s] Level 1:colcon.colcon_core.environment:checking '/home/nate-dixon/robot_arm_project/install/my_robot_arm_control/lib'
[4.131s] Level 1:colcon.colcon_core.environment:checking '/home/nate-dixon/robot_arm_project/install/my_robot_arm_control/bin'
[4.131s] Level 1:colcon.colcon_core.environment:checking '/home/nate-dixon/robot_arm_project/install/my_robot_arm_control/lib/pkgconfig/my_robot_arm_control.pc'
[4.131s] Level 1:colcon.colcon_core.environment:checking '/home/nate-dixon/robot_arm_project/install/my_robot_arm_control/lib/python3.12/site-packages'
[4.131s] Level 1:colcon.colcon_core.environment:checking '/home/nate-dixon/robot_arm_project/install/my_robot_arm_control/bin'
[4.131s] INFO:colcon.colcon_core.shell:Creating package script '/home/nate-dixon/robot_arm_project/install/my_robot_arm_control/share/my_robot_arm_control/package.ps1'
[4.131s] INFO:colcon.colcon_core.shell:Creating package descriptor '/home/nate-dixon/robot_arm_project/install/my_robot_arm_control/share/my_robot_arm_control/package.dsv'
[4.132s] INFO:colcon.colcon_core.shell:Creating package script '/home/nate-dixon/robot_arm_project/install/my_robot_arm_control/share/my_robot_arm_control/package.sh'
[4.132s] INFO:colcon.colcon_core.shell:Creating package script '/home/nate-dixon/robot_arm_project/install/my_robot_arm_control/share/my_robot_arm_control/package.bash'
[4.132s] INFO:colcon.colcon_core.shell:Creating package script '/home/nate-dixon/robot_arm_project/install/my_robot_arm_control/share/my_robot_arm_control/package.zsh'
[4.132s] Level 1:colcon.colcon_core.environment:create_file_with_runtime_dependencies(/home/nate-dixon/robot_arm_project/install/my_robot_arm_control/share/colcon-core/packages/my_robot_arm_control)
[4.132s] Level 1:colcon.colcon_core.environment:create_environment_scripts_only(my_robot_arm_control)
[4.132s] Level 1:colcon.colcon_core.environment:checking '/home/nate-dixon/robot_arm_project/install/my_robot_arm_control' for CMake module files
[4.132s] Level 1:colcon.colcon_core.environment:checking '/home/nate-dixon/robot_arm_project/install/my_robot_arm_control' for CMake config files
[4.133s] Level 1:colcon.colcon_core.shell:create_environment_hook('my_robot_arm_control', 'cmake_prefix_path')
[4.133s] INFO:colcon.colcon_core.shell:Creating environment hook '/home/nate-dixon/robot_arm_project/install/my_robot_arm_control/share/my_robot_arm_control/hook/cmake_prefix_path.ps1'
[4.133s] INFO:colcon.colcon_core.shell:Creating environment descriptor '/home/nate-dixon/robot_arm_project/install/my_robot_arm_control/share/my_robot_arm_control/hook/cmake_prefix_path.dsv'
[4.133s] INFO:colcon.colcon_core.shell:Creating environment hook '/home/nate-dixon/robot_arm_project/install/my_robot_arm_control/share/my_robot_arm_control/hook/cmake_prefix_path.sh'
[4.133s] Level 1:colcon.colcon_core.environment:checking '/home/nate-dixon/robot_arm_project/install/my_robot_arm_control/lib'
[4.133s] Level 1:colcon.colcon_core.environment:checking '/home/nate-dixon/robot_arm_project/install/my_robot_arm_control/bin'
[4.133s] Level 1:colcon.colcon_core.environment:checking '/home/nate-dixon/robot_arm_project/install/my_robot_arm_control/lib/pkgconfig/my_robot_arm_control.pc'
[4.133s] Level 1:colcon.colcon_core.environment:checking '/home/nate-dixon/robot_arm_project/install/my_robot_arm_control/lib/python3.12/site-packages'
[4.133s] Level 1:colcon.colcon_core.environment:checking '/home/nate-dixon/robot_arm_project/install/my_robot_arm_control/bin'
[4.133s] INFO:colcon.colcon_core.shell:Creating package script '/home/nate-dixon/robot_arm_project/install/my_robot_arm_control/share/my_robot_arm_control/package.ps1'
[4.134s] INFO:colcon.colcon_core.shell:Creating package descriptor '/home/nate-dixon/robot_arm_project/install/my_robot_arm_control/share/my_robot_arm_control/package.dsv'
[4.134s] INFO:colcon.colcon_core.shell:Creating package script '/home/nate-dixon/robot_arm_project/install/my_robot_arm_control/share/my_robot_arm_control/package.sh'
[4.134s] INFO:colcon.colcon_core.shell:Creating package script '/home/nate-dixon/robot_arm_project/install/my_robot_arm_control/share/my_robot_arm_control/package.bash'
[4.134s] INFO:colcon.colcon_core.shell:Creating package script '/home/nate-dixon/robot_arm_project/install/my_robot_arm_control/share/my_robot_arm_control/package.zsh'
[4.134s] Level 1:colcon.colcon_core.environment:create_file_with_runtime_dependencies(/home/nate-dixon/robot_arm_project/install/my_robot_arm_control/share/colcon-core/packages/my_robot_arm_control)
[4.135s] DEBUG:colcon.colcon_parallel_executor.executor.parallel:closing loop
[4.135s] DEBUG:colcon.colcon_parallel_executor.executor.parallel:loop closed
[4.135s] DEBUG:colcon.colcon_parallel_executor.executor.parallel:run_until_complete finished with '0'
[4.135s] DEBUG:colcon.colcon_core.event_reactor:joining thread
[4.137s] INFO:colcon.colcon_core.plugin_system:Skipping extension 'colcon_notification.desktop_notification.terminal_notifier': Not used on non-Darwin systems
[4.137s] INFO:colcon.colcon_core.plugin_system:Skipping extension 'colcon_notification.desktop_notification.win32': Not used on non-Windows systems
[4.137s] INFO:colcon.colcon_notification.desktop_notification:Sending desktop notification using 'notify2'
[4.153s] DEBUG:colcon.colcon_core.event_reactor:joined thread
[4.153s] INFO:colcon.colcon_core.shell:Creating prefix script '/home/nate-dixon/robot_arm_project/install/local_setup.ps1'
[4.154s] INFO:colcon.colcon_core.shell:Creating prefix util module '/home/nate-dixon/robot_arm_project/install/_local_setup_util_ps1.py'
[4.154s] INFO:colcon.colcon_core.shell:Creating prefix chain script '/home/nate-dixon/robot_arm_project/install/setup.ps1'
[4.155s] INFO:colcon.colcon_core.shell:Creating prefix script '/home/nate-dixon/robot_arm_project/install/local_setup.sh'
[4.155s] INFO:colcon.colcon_core.shell:Creating prefix util module '/home/nate-dixon/robot_arm_project/install/_local_setup_util_sh.py'
[4.155s] INFO:colcon.colcon_core.shell:Creating prefix chain script '/home/nate-dixon/robot_arm_project/install/setup.sh'
[4.156s] INFO:colcon.colcon_core.shell:Creating prefix script '/home/nate-dixon/robot_arm_project/install/local_setup.bash'
[4.156s] INFO:colcon.colcon_core.shell:Creating prefix chain script '/home/nate-dixon/robot_arm_project/install/setup.bash'
[4.156s] INFO:colcon.colcon_core.shell:Creating prefix script '/home/nate-dixon/robot_arm_project/install/local_setup.zsh'
[4.156s] INFO:colcon.colcon_core.shell:Creating prefix chain script '/home/nate-dixon/robot_arm_project/install/setup.zsh'
